Archive member included to satisfy reference by file (symbol)

/Applications/MCUXpressoIDE_10.1.1_606/ide/tools/bin/../lib/gcc/arm-none-eabi/6.3.1/../../../../arm-none-eabi/lib/thumb/v6-m/libcr_semihost_nf.a(_cr__main.o)
                              ./startup/startup_mkl43z4.o (__main)
/Applications/MCUXpressoIDE_10.1.1_606/ide/tools/bin/../lib/gcc/arm-none-eabi/6.3.1/../../../../arm-none-eabi/lib/thumb/v6-m/libcr_semihost_nf.a(_cr_assert.o)
                              ./utilities/fsl_debug_console.o (__assertion_failed)
/Applications/MCUXpressoIDE_10.1.1_606/ide/tools/bin/../lib/gcc/arm-none-eabi/6.3.1/../../../../arm-none-eabi/lib/thumb/v6-m/libcr_semihost_nf.a(__ciob.o)
                              /Applications/MCUXpressoIDE_10.1.1_606/ide/tools/bin/../lib/gcc/arm-none-eabi/6.3.1/../../../../arm-none-eabi/lib/thumb/v6-m/libcr_semihost_nf.a(_cr_assert.o) (__Ciob)
/Applications/MCUXpressoIDE_10.1.1_606/ide/tools/bin/../lib/gcc/arm-none-eabi/6.3.1/../../../../arm-none-eabi/lib/thumb/v6-m/libcr_semihost_nf.a(__sys_appexit.o)
                              /Applications/MCUXpressoIDE_10.1.1_606/ide/tools/bin/../lib/gcc/arm-none-eabi/6.3.1/../../../../arm-none-eabi/lib/thumb/v6-m/libcr_semihost_nf.a(_cr_assert.o) (__sys_appexit)
/Applications/MCUXpressoIDE_10.1.1_606/ide/tools/bin/../lib/gcc/arm-none-eabi/6.3.1/../../../../arm-none-eabi/lib/thumb/v6-m/libcr_c.a(memcpy.o)
                              ./drivers/fsl_flash.o (memcpy)
/Applications/MCUXpressoIDE_10.1.1_606/ide/tools/bin/../lib/gcc/arm-none-eabi/6.3.1/../../../../arm-none-eabi/lib/thumb/v6-m/libcr_c.a(memset.o)
                              ./drivers/fsl_flash.o (memset)
/Applications/MCUXpressoIDE_10.1.1_606/ide/tools/bin/../lib/gcc/arm-none-eabi/6.3.1/../../../../arm-none-eabi/lib/thumb/v6-m/libcr_c.a(_deferredlazyseek.o)
                              /Applications/MCUXpressoIDE_10.1.1_606/ide/tools/bin/../lib/gcc/arm-none-eabi/6.3.1/../../../../arm-none-eabi/lib/thumb/v6-m/libcr_semihost_nf.a(_cr_assert.o) (__flsbuf)
/Applications/MCUXpressoIDE_10.1.1_606/ide/tools/bin/../lib/gcc/arm-none-eabi/6.3.1/../../../../arm-none-eabi/lib/thumb/v6-m/libcr_c.a(_fflush.o)
                              /Applications/MCUXpressoIDE_10.1.1_606/ide/tools/bin/../lib/gcc/arm-none-eabi/6.3.1/../../../../arm-none-eabi/lib/thumb/v6-m/libcr_c.a(_deferredlazyseek.o) (_fflush)
/Applications/MCUXpressoIDE_10.1.1_606/ide/tools/bin/../lib/gcc/arm-none-eabi/6.3.1/../../../../arm-none-eabi/lib/thumb/v6-m/libcr_c.a(_writebuf.o)
                              /Applications/MCUXpressoIDE_10.1.1_606/ide/tools/bin/../lib/gcc/arm-none-eabi/6.3.1/../../../../arm-none-eabi/lib/thumb/v6-m/libcr_c.a(_deferredlazyseek.o) (_Cwritebuf)
/Applications/MCUXpressoIDE_10.1.1_606/ide/tools/bin/../lib/gcc/arm-none-eabi/6.3.1/../../../../arm-none-eabi/lib/thumb/v6-m/libcr_c.a(alloc.o)
                              /Applications/MCUXpressoIDE_10.1.1_606/ide/tools/bin/../lib/gcc/arm-none-eabi/6.3.1/../../../../arm-none-eabi/lib/thumb/v6-m/libcr_c.a(_deferredlazyseek.o) (_Csys_alloc)
/Applications/MCUXpressoIDE_10.1.1_606/ide/tools/bin/../lib/gcc/arm-none-eabi/6.3.1/../../../../arm-none-eabi/lib/thumb/v6-m/libcr_c.a(fputs.o)
                              /Applications/MCUXpressoIDE_10.1.1_606/ide/tools/bin/../lib/gcc/arm-none-eabi/6.3.1/../../../../arm-none-eabi/lib/thumb/v6-m/libcr_semihost_nf.a(_cr_assert.o) (fputs)
/Applications/MCUXpressoIDE_10.1.1_606/ide/tools/bin/../lib/gcc/arm-none-eabi/6.3.1/../../../../arm-none-eabi/lib/thumb/v6-m/libcr_c.a(fseek.o)
                              /Applications/MCUXpressoIDE_10.1.1_606/ide/tools/bin/../lib/gcc/arm-none-eabi/6.3.1/../../../../arm-none-eabi/lib/thumb/v6-m/libcr_c.a(_deferredlazyseek.o) (fseek)
/Applications/MCUXpressoIDE_10.1.1_606/ide/tools/bin/../lib/gcc/arm-none-eabi/6.3.1/../../../../arm-none-eabi/lib/thumb/v6-m/libcr_c.a(ftell.o)
                              /Applications/MCUXpressoIDE_10.1.1_606/ide/tools/bin/../lib/gcc/arm-none-eabi/6.3.1/../../../../arm-none-eabi/lib/thumb/v6-m/libcr_c.a(fseek.o) (ftell)
/Applications/MCUXpressoIDE_10.1.1_606/ide/tools/bin/../lib/gcc/arm-none-eabi/6.3.1/../../../../arm-none-eabi/lib/thumb/v6-m/libcr_c.a(initio.o)
                              /Applications/MCUXpressoIDE_10.1.1_606/ide/tools/bin/../lib/gcc/arm-none-eabi/6.3.1/../../../../arm-none-eabi/lib/thumb/v6-m/libcr_semihost_nf.a(_cr__main.o) (_initio)
/Applications/MCUXpressoIDE_10.1.1_606/ide/tools/bin/../lib/gcc/arm-none-eabi/6.3.1/../../../../arm-none-eabi/lib/thumb/v6-m/libcr_c.a(printf.o)
                              ./source/drum-synth.o (_printf)
/Applications/MCUXpressoIDE_10.1.1_606/ide/tools/bin/../lib/gcc/arm-none-eabi/6.3.1/../../../../arm-none-eabi/lib/thumb/v6-m/libcr_c.a(setvbuf.o)
                              /Applications/MCUXpressoIDE_10.1.1_606/ide/tools/bin/../lib/gcc/arm-none-eabi/6.3.1/../../../../arm-none-eabi/lib/thumb/v6-m/libcr_c.a(initio.o) (setvbuf)
[...]
Memory Configuration

Name             Origin             Length             Attributes
PROGRAM_FLASH    0x0000000000000000 0x0000000000040000 xr
SRAM             0x000000001fffe000 0x0000000000008000 xrw
*default*        0x0000000000000000 0xffffffffffffffff

Linker script and memory map

LOAD ./utilities/fsl_debug_console.o
LOAD ./utilities/fsl_io.o
LOAD ./utilities/fsl_log.o
LOAD ./utilities/fsl_str.o
LOAD ./startup/startup_mkl43z4.o
LOAD ./source/drum-synth.o
LOAD ./source/mtb.o
LOAD ./source/semihost_hardfault.o
LOAD ./drivers/fsl_adc16.o
LOAD ./drivers/fsl_clock.o
LOAD ./drivers/fsl_common.o
LOAD ./drivers/fsl_dac.o
LOAD ./drivers/fsl_flash.o
LOAD ./drivers/fsl_gpio.o
LOAD ./drivers/fsl_lpuart.o
LOAD ./drivers/fsl_pit.o
LOAD ./drivers/fsl_smc.o
LOAD ./drivers/fsl_uart.o
LOAD ./board/board.o
LOAD ./board/clock_config.o
LOAD ./board/peripherals.o
LOAD ./board/pin_mux.o
LOAD ./CMSIS/system_MKL43Z4.o
START GROUP
LOAD /Applications/MCUXpressoIDE_10.1.1_606/ide/tools/bin/../lib/gcc/arm-none-eabi/6.3.1/../../../../arm-none-eabi/lib/thumb/v6-m/libcr_semihost_nf.a
LOAD /Applications/MCUXpressoIDE_10.1.1_606/ide/tools/bin/../lib/gcc/arm-none-eabi/6.3.1/../../../../arm-none-eabi/lib/thumb/v6-m/libcr_c.a
LOAD /Applications/MCUXpressoIDE_10.1.1_606/ide/tools/bin/../lib/gcc/arm-none-eabi/6.3.1/thumb/v6-m/libcr_eabihelpers.a
END GROUP
                0x0000000000000000                __base_PROGRAM_FLASH = 0x0
                0x0000000000000000                __base_Flash = 0x0
                0x0000000000040000                __top_PROGRAM_FLASH = 0x40000
                0x0000000000040000                __top_Flash = 0x40000
                0x000000001fffe000                __base_SRAM = 0x1fffe000
                0x000000001fffe000                __base_RAM = 0x1fffe000
                0x0000000020006000                __top_SRAM = 0x20006000
                0x0000000020006000                __top_RAM = 0x20006000

.text           0x0000000000000000     0x7f00
 FILL mask 0xff
                0x0000000000000000                __vectors_start__ = ABSOLUTE (.)
 *(.isr_vector)
 .isr_vector    0x0000000000000000       0xc0 ./startup/startup_mkl43z4.o
                0x0000000000000000                __Vectors
                0x0000000000000000                g_pfnVectors
                0x00000000000000c0                . = ALIGN (0x4)
                0x00000000000000c0                __section_table_start = .
                0x00000000000000c0                __data_section_table = .
                0x00000000000000c0        0x4 LONG 0x7f00 LOADADDR (.data)
                0x00000000000000c4        0x4 LONG 0x1fffe080 ADDR (.data)
                0x00000000000000c8        0x4 LONG 0x4 SIZEOF (.data)
                0x00000000000000cc                __data_section_table_end = .
                0x00000000000000cc                __bss_section_table = .
                0x00000000000000cc        0x4 LONG 0x1fffe084 ADDR (.bss)
                0x00000000000000d0        0x4 LONG 0x188 SIZEOF (.bss)
                0x00000000000000d4                __bss_section_table_end = .
                0x00000000000000d4                __section_table_end = .
 *(.after_vectors*)
 .after_vectors.init_data
                0x00000000000000d4       0x16 ./startup/startup_mkl43z4.o
                0x00000000000000d4                data_init
 .after_vectors.init_bss
                0x00000000000000ea       0x12 ./startup/startup_mkl43z4.o
                0x00000000000000ea                bss_init
 .after_vectors.reset
                0x00000000000000fc       0x4c ./startup/startup_mkl43z4.o
                0x00000000000000fc                ResetISR
 .after_vectors
                0x0000000000000148      0x10c ./startup/startup_mkl43z4.o
                0x0000000000000148                NMI_Handler
                0x000000000000014c                SVC_Handler
                0x000000000000014e                PendSV_Handler
                0x0000000000000150                SysTick_Handler
                0x0000000000000152                SPI1_DriverIRQHandler
                0x0000000000000152                LPTMR0_DriverIRQHandler
                0x0000000000000152                PORTC_PORTD_DriverIRQHandler
                0x0000000000000152                PMC_DriverIRQHandler
                0x0000000000000152                PIT_DriverIRQHandler
                0x0000000000000152                DMA0_DriverIRQHandler
                0x0000000000000152                Reserved42_DriverIRQHandler
                0x0000000000000152                I2S0_DriverIRQHandler
                0x0000000000000152                TPM2_DriverIRQHandler
                0x0000000000000152                RTC_Seconds_DriverIRQHandler
                0x0000000000000152                LLWU_DriverIRQHandler
                0x0000000000000152                FTFA_DriverIRQHandler
                0x0000000000000152                IntDefaultHandler
                0x0000000000000152                USB0_DriverIRQHandler
                0x0000000000000152                DAC0_DriverIRQHandler
                0x0000000000000152                TPM0_DriverIRQHandler
                0x0000000000000152                Reserved20_DriverIRQHandler
                0x0000000000000152                DMA3_DriverIRQHandler
                0x0000000000000152                UART2_FLEXIO_DriverIRQHandler
                0x0000000000000152                PORTA_DriverIRQHandler
                0x0000000000000152                TPM1_DriverIRQHandler
                0x0000000000000152                RTC_DriverIRQHandler
                0x0000000000000152                LCD_DriverIRQHandler
                0x0000000000000152                DMA1_DriverIRQHandler
                0x0000000000000152                I2C1_DriverIRQHandler
                0x0000000000000152                SPI0_DriverIRQHandler
                0x0000000000000152                ADC0_DriverIRQHandler
                0x0000000000000152                CMP0_DriverIRQHandler
                0x0000000000000152                DMA2_DriverIRQHandler
                0x0000000000000152                Reserved43_DriverIRQHandler
                0x0000000000000152                I2C0_DriverIRQHandler
                0x0000000000000154                DMA0_IRQHandler
                0x000000000000015c                DMA1_IRQHandler
                0x0000000000000164                DMA2_IRQHandler
                0x000000000000016c                DMA3_IRQHandler
                0x0000000000000174                Reserved20_IRQHandler
                0x000000000000017c                FTFA_IRQHandler
                0x0000000000000184                PMC_IRQHandler
                0x000000000000018c                LLWU_IRQHandler
                0x0000000000000194                I2C0_IRQHandler
                0x000000000000019c                I2C1_IRQHandler
                0x00000000000001a4                SPI0_IRQHandler
                0x00000000000001ac                SPI1_IRQHandler
                0x00000000000001b4                LPUART0_IRQHandler
                0x00000000000001bc                LPUART1_IRQHandler
                0x00000000000001c4                UART2_FLEXIO_IRQHandler
                0x00000000000001cc                ADC0_IRQHandler
                0x00000000000001d4                CMP0_IRQHandler
                0x00000000000001dc                TPM0_IRQHandler
                0x00000000000001e4                TPM1_IRQHandler
                0x00000000000001ec                TPM2_IRQHandler
                0x00000000000001f4                RTC_IRQHandler
                0x00000000000001fc                RTC_Seconds_IRQHandler
                0x000000000000020c                I2S0_IRQHandler
                0x0000000000000214                USB0_IRQHandler
                0x000000000000021c                DAC0_IRQHandler
                0x0000000000000224                Reserved42_IRQHandler
                0x000000000000022c                Reserved43_IRQHandler
                0x0000000000000234                LPTMR0_IRQHandler
                0x000000000000023c                LCD_IRQHandler
                0x0000000000000244                PORTA_IRQHandler
                0x000000000000024c                PORTC_PORTD_IRQHandler
                0x0000000000000400                . = 0x400
 *fill*         0x0000000000000254      0x1ac ff
                0x0000000000000400                PROVIDE (__FLASH_CONFIG_START__, .)
 *(.FlashConfig)
 .FlashConfig   0x0000000000000400       0x10 ./startup/startup_mkl43z4.o
                0x0000000000000400                Flash_Config
                0x0000000000000410                PROVIDE (__FLASH_CONFIG_END__, .)
                0x0000000000000001                ASSERT (! ((__FLASH_CONFIG_START__ == __FLASH_CONFIG_END__)), Linker Flash Config Support Enabled, but no .FlashConfig section provided within application)
 *(.text*)
 .text          0x0000000000000410       0x60 ./utilities/fsl_debug_console.o
                0x0000000000000410                DbgConsole_Init
                0x0000000000000450                DbgConsole_Deinit
                0x0000000000000460                DbgConsole_Flush
 .text          0x0000000000000470      0x2f8 ./utilities/fsl_io.o
                0x0000000000000570                IO_Init
                0x0000000000000638                IO_Deinit
                0x000000000000068c                IO_WaitIdle
                0x00000000000006d8                IO_Transfer
 .text          0x0000000000000768      0x1ec ./utilities/fsl_log.o
                0x0000000000000768                LOG_Init
                0x00000000000007a8                LOG_Deinit
                0x00000000000007b6                LOG_WaitIdle
                0x00000000000007c6                LOG_Push
                0x00000000000007f8                LOG_Pop
                0x0000000000000846                LOG_ReadLine
                0x00000000000008ec                LOG_ReadCharacter
 .text          0x0000000000000954      0x368 ./source/drum-synth.o
                0x0000000000000acc                getSinIndex
                0x0000000000000afc                PIT_IRQHandler
                0x0000000000000b78                main
 .text          0x0000000000000cbc       0x2c ./source/semihost_hardfault.o
                0x0000000000000cbc                HardFault_Handler
 .text          0x0000000000000ce8      0x820 ./drivers/fsl_clock.o
                0x0000000000000eb0                CLOCK_GetOsc0ErClkFreq
                0x0000000000000eec                CLOCK_GetEr32kClkFreq
                0x0000000000000f60                CLOCK_GetPlatClkFreq
                0x0000000000000f8c                CLOCK_GetFlashClkFreq
                0x0000000000000fdc                CLOCK_GetBusClkFreq
                0x000000000000102c                CLOCK_GetCoreSysClkFreq
                0x0000000000001058                CLOCK_GetFreq
                0x0000000000001118                CLOCK_SetSimConfig
                0x0000000000001144                CLOCK_EnableUsbfs0Clock
                0x00000000000011e0                CLOCK_GetInternalRefClkFreq
                0x0000000000001228                CLOCK_GetPeriphClkFreq
                0x000000000000125c                CLOCK_GetOutClkFreq
                0x00000000000012d4                CLOCK_GetMode
                0x0000000000001338                CLOCK_SetMcgliteConfig
                0x0000000000001448                CLOCK_InitOsc0
                0x00000000000014e0                CLOCK_DeinitOsc0
 .text          0x0000000000001508      0x468 ./drivers/fsl_dac.o
                0x0000000000001608                DAC_Init
                0x0000000000001690                DAC_Deinit
                0x00000000000016c0                DAC_GetDefaultConfig
                0x00000000000016f0                DAC_SetBufferConfig
                0x00000000000017bc                DAC_GetDefaultBufferConfig
                0x00000000000017f0                DAC_SetBufferValue
                0x0000000000001854                DAC_SetBufferReadPointer
                0x00000000000018b8                DAC_EnableBufferInterrupts
                0x00000000000018e8                DAC_DisableBufferInterrupts
                0x000000000000191c                DAC_GetBufferStatusFlags
                0x000000000000193a                DAC_ClearBufferStatusFlags
 .text          0x0000000000001970     0x1278 ./drivers/fsl_flash.o
                0x0000000000001970                FLASH_Init
                0x0000000000001a38                FLASH_PrepareExecuteInRamFunctions
                0x0000000000001a7c                FLASH_EraseAll
                0x0000000000001adc                FLASH_Erase
                0x0000000000001bc4                FLASH_EraseAllUnsecure
                0x0000000000001c24                FLASH_EraseAllExecuteOnlySegments
                0x0000000000001c84                FLASH_Program
                0x0000000000001d7c                FLASH_ProgramOnce
                0x0000000000001e08                FLASH_ReadResource
                0x0000000000001f08                FLASH_ReadOnce
                0x0000000000001f88                FLASH_GetSecurityState
                0x0000000000001ff8                FLASH_SecurityBypass
                0x00000000000020a8                FLASH_VerifyEraseAll
                0x00000000000020e8                FLASH_VerifyErase
                0x00000000000021f8                FLASH_VerifyProgram
                0x00000000000022e4                FLASH_VerifyEraseAllExecuteOnlySegments
                0x0000000000002324                FLASH_IsProtected
                0x00000000000025e0                FLASH_IsExecuteOnly
                0x0000000000002622                FLASH_GetProperty
                0x00000000000026e0                FLASH_SetProperty
                0x0000000000002722                FLASH_PflashSetProtection
                0x000000000000275c                FLASH_PflashGetProtection
                0x000000000000278c                FLASH_PflashSetPrefetchSpeculation
                0x0000000000002804                FLASH_PflashGetPrefetchSpeculation
                0x000000000000293c                mcm_flash_cache_clear
                0x0000000000002968                flash_cache_clear
 .text          0x0000000000002be8     0x1224 ./drivers/fsl_lpuart.o
                0x0000000000002cbc                LPUART_GetInstance
                0x0000000000002d08                LPUART_TransferGetRxRingBufferLength
                0x0000000000002e50                LPUART_Init
                0x0000000000003104                LPUART_Deinit
                0x0000000000003170                LPUART_GetDefaultConfig
                0x00000000000031cc                LPUART_SetBaudRate
                0x0000000000003360                LPUART_EnableInterrupts
                0x000000000000339a                LPUART_DisableInterrupts
                0x00000000000033d8                LPUART_GetEnabledInterrupts
                0x0000000000003408                LPUART_GetStatusFlags
                0x0000000000003420                LPUART_ClearStatusFlags
                0x00000000000034a8                LPUART_WriteBlocking
                0x00000000000034f4                LPUART_ReadBlocking
                0x00000000000035cc                LPUART_TransferCreateHandle
                0x0000000000003658                LPUART_TransferStartRingBuffer
                0x00000000000036b8                LPUART_TransferStopRingBuffer
                0x0000000000003710                LPUART_TransferSendNonBlocking
                0x00000000000037bc                LPUART_TransferAbortSend
                0x00000000000037fc                LPUART_TransferGetSendCount
                0x0000000000003854                LPUART_TransferReceiveNonBlocking
                0x0000000000003a0c                LPUART_TransferAbortReceive
                0x0000000000003a54                LPUART_TransferGetReceiveCount
                0x0000000000003aac                LPUART_TransferHandleIRQ
                0x0000000000003db0                LPUART_TransferHandleErrorIRQ
                0x0000000000003dc2                LPUART0_DriverIRQHandler
                0x0000000000003de8                LPUART1_DriverIRQHandler
 .text          0x0000000000003e0c      0x450 ./drivers/fsl_smc.o
                0x0000000000003e42                SMC_PreEnterStopModes
                0x0000000000003e78                SMC_PostExitStopModes
                0x0000000000003eac                SMC_PreEnterWaitModes
                0x0000000000003ec8                SMC_PostExitWaitModes
                0x0000000000003ee4                SMC_SetPowerModeRun
                0x0000000000003f26                SMC_SetPowerModeWait
                0x0000000000003f54                SMC_SetPowerModeStop
                0x000000000000400c                SMC_SetPowerModeVlpr
                0x0000000000004052                SMC_SetPowerModeVlpw
                0x0000000000004080                SMC_SetPowerModeVlps
                0x00000000000040fc                SMC_SetPowerModeLls
                0x0000000000004178                SMC_SetPowerModeVlls
 .text          0x000000000000425c     0x127c ./drivers/fsl_uart.o
                0x0000000000004330                UART_GetInstance
                0x0000000000004384                UART_TransferGetRxRingBufferLength
                0x0000000000004434                UART_Init
                0x000000000000464c                UART_Deinit
                0x000000000000468c                UART_GetDefaultConfig
                0x00000000000046d0                UART_SetBaudRate
                0x000000000000481c                UART_EnableInterrupts
                0x0000000000004874                UART_DisableInterrupts
                0x00000000000048d8                UART_GetEnabledInterrupts
                0x0000000000004910                UART_GetStatusFlags
                0x0000000000004936                UART_ClearStatusFlags
                0x00000000000049b8                UART_WriteBlocking
                0x0000000000004a38                UART_ReadBlocking
                0x0000000000004b18                UART_TransferCreateHandle
                0x0000000000004ba4                UART_TransferStartRingBuffer
                0x0000000000004c24                UART_TransferStopRingBuffer
                0x0000000000004c98                UART_TransferSendNonBlocking
                0x0000000000004d40                UART_TransferAbortSend
                0x0000000000004d80                UART_TransferGetSendCount
                0x0000000000004dd8                UART_TransferReceiveNonBlocking
                0x0000000000004fa8                UART_TransferAbortReceive
                0x0000000000005010                UART_TransferGetReceiveCount
                0x0000000000005074                UART_TransferHandleIRQ
                0x0000000000005490                UART_TransferHandleErrorIRQ
                0x00000000000054a2                UART2_DriverIRQHandler
                0x00000000000054c8                UART2_RX_TX_DriverIRQHandler
 .text          0x00000000000054d8       0x6c ./board/board.o
                0x0000000000005510                BOARD_InitDebugConsole
 .text          0x0000000000005544       0xf4 ./board/clock_config.o
                0x0000000000005598                BOARD_InitBootClocks
                0x00000000000055a6                BOARD_BootClockRUN
                0x00000000000055dc                BOARD_BootClockVLPR
 .text          0x0000000000005638        0xa ./board/peripherals.o
                0x0000000000005638                BOARD_InitBootPeripherals
 *fill*         0x0000000000005642        0x2 ff
 .text          0x0000000000005644       0xd0 ./board/pin_mux.o
                0x00000000000056bc                BOARD_InitBootPins
                0x00000000000056ca                BOARD_InitPins
 .text          0x0000000000005714       0xe4 ./CMSIS/system_MKL43Z4.o
                0x0000000000005714                SystemInit
                0x0000000000005750                SystemCoreClockUpdate
 .text.__main   0x00000000000057f8        0xc /Applications/MCUXpressoIDE_10.1.1_606/ide/tools/bin/../lib/gcc/arm-none-eabi/6.3.1/../../../../arm-none-eabi/lib/thumb/v6-m/libcr_semihost_nf.a(_cr__main.o)
                0x00000000000057f8                __main
                0x00000000000057f8                __CR_SEMIHOST
 .text.__assertion_failed
                0x0000000000005804       0x4c /Applications/MCUXpressoIDE_10.1.1_606/ide/tools/bin/../lib/gcc/arm-none-eabi/6.3.1/../../../../arm-none-eabi/lib/thumb/v6-m/libcr_semihost_nf.a(_cr_assert.o)
                0x0000000000005804                __assertion_failed
 .text.__sys_appexit
                0x0000000000005850        0xc /Applications/MCUXpressoIDE_10.1.1_606/ide/tools/bin/../lib/gcc/arm-none-eabi/6.3.1/../../../../arm-none-eabi/lib/thumb/v6-m/libcr_semihost_nf.a(__sys_appexit.o)
                0x0000000000005850                __exit
                0x0000000000005850                __sys_appexit
 .text.memcpy   0x000000000000585c        0x8 /Applications/MCUXpressoIDE_10.1.1_606/ide/tools/bin/../lib/gcc/arm-none-eabi/6.3.1/../../../../arm-none-eabi/lib/thumb/v6-m/libcr_c.a(memcpy.o)
                0x000000000000585c                memcpy
 .text.memset   0x0000000000005864        0x8 /Applications/MCUXpressoIDE_10.1.1_606/ide/tools/bin/../lib/gcc/arm-none-eabi/6.3.1/../../../../arm-none-eabi/lib/thumb/v6-m/libcr_c.a(memset.o)
                0x0000000000005864                memset
 .text._deferredlazyseek
                0x000000000000586c       0x40 /Applications/MCUXpressoIDE_10.1.1_606/ide/tools/bin/../lib/gcc/arm-none-eabi/6.3.1/../../../../arm-none-eabi/lib/thumb/v6-m/libcr_c.a(_deferredlazyseek.o)
                0x000000000000586c                _deferredlazyseek
 .text.__flsbuf
                0x00000000000058ac      0x150 /Applications/MCUXpressoIDE_10.1.1_606/ide/tools/bin/../lib/gcc/arm-none-eabi/6.3.1/../../../../arm-none-eabi/lib/thumb/v6-m/libcr_c.a(_deferredlazyseek.o)
                0x00000000000058ac                __flsbuf
 .text._fflush  0x00000000000059fc       0x5c /Applications/MCUXpressoIDE_10.1.1_606/ide/tools/bin/../lib/gcc/arm-none-eabi/6.3.1/../../../../arm-none-eabi/lib/thumb/v6-m/libcr_c.a(_fflush.o)
                0x00000000000059fc                _fflush
 .text._Cwritebuf
                0x0000000000005a58       0x68 /Applications/MCUXpressoIDE_10.1.1_606/ide/tools/bin/../lib/gcc/arm-none-eabi/6.3.1/../../../../arm-none-eabi/lib/thumb/v6-m/libcr_c.a(_writebuf.o)
                0x0000000000005a58                _Cwritebuf
 .text.malloc   0x0000000000005ac0       0xcc /Applications/MCUXpressoIDE_10.1.1_606/ide/tools/bin/../lib/gcc/arm-none-eabi/6.3.1/../../../../arm-none-eabi/lib/thumb/v6-m/libcr_c.a(alloc.o)
                0x0000000000005ac0                malloc
 .text.free     0x0000000000005b8c       0x2c /Applications/MCUXpressoIDE_10.1.1_606/ide/tools/bin/../lib/gcc/arm-none-eabi/6.3.1/../../../../arm-none-eabi/lib/thumb/v6-m/libcr_c.a(alloc.o)
                0x0000000000005b8c                free
 .text._Csys_alloc
                0x0000000000005bb8       0x20 /Applications/MCUXpressoIDE_10.1.1_606/ide/tools/bin/../lib/gcc/arm-none-eabi/6.3.1/../../../../arm-none-eabi/lib/thumb/v6-m/libcr_c.a(alloc.o)
                0x0000000000005bb8                _Csys_alloc
 .text.fputs    0x0000000000005bd8       0x2e /Applications/MCUXpressoIDE_10.1.1_606/ide/tools/bin/../lib/gcc/arm-none-eabi/6.3.1/../../../../arm-none-eabi/lib/thumb/v6-m/libcr_c.a(fputs.o)
                0x0000000000005bd8                fputs
 *fill*         0x0000000000005c06        0x2 ff
 .text.fseek    0x0000000000005c08       0xf0 /Applications/MCUXpressoIDE_10.1.1_606/ide/tools/bin/../lib/gcc/arm-none-eabi/6.3.1/../../../../arm-none-eabi/lib/thumb/v6-m/libcr_c.a(fseek.o)
                0x0000000000005c08                fseek
 .text.ftell    0x0000000000005cf8       0x48 /Applications/MCUXpressoIDE_10.1.1_606/ide/tools/bin/../lib/gcc/arm-none-eabi/6.3.1/../../../../arm-none-eabi/lib/thumb/v6-m/libcr_c.a(ftell.o)
                0x0000000000005cf8                ftell
 .text._initio  0x0000000000005d40       0x7c /Applications/MCUXpressoIDE_10.1.1_606/ide/tools/bin/../lib/gcc/arm-none-eabi/6.3.1/../../../../arm-none-eabi/lib/thumb/v6-m/libcr_c.a(initio.o)
                0x0000000000005d40                _initio
 .text.no_fp_display
                0x0000000000005dbc        0x4 /Applications/MCUXpressoIDE_10.1.1_606/ide/tools/bin/../lib/gcc/arm-none-eabi/6.3.1/../../../../arm-none-eabi/lib/thumb/v6-m/libcr_c.a(printf.o)
 .text.__vfprintf
                0x0000000000005dc0      0xce0 /Applications/MCUXpressoIDE_10.1.1_606/ide/tools/bin/../lib/gcc/arm-none-eabi/6.3.1/../../../../arm-none-eabi/lib/thumb/v6-m/libcr_c.a(printf.o)
                0x0000000000005dc0                __vfprintf
 .text._vsnprintf
                0x0000000000006aa0       0x60 /Applications/MCUXpressoIDE_10.1.1_606/ide/tools/bin/../lib/gcc/arm-none-eabi/6.3.1/../../../../arm-none-eabi/lib/thumb/v6-m/libcr_c.a(printf.o)
                0x0000000000006aa0                _vsnprintf
 .text._printf  0x0000000000006b00       0x50 /Applications/MCUXpressoIDE_10.1.1_606/ide/tools/bin/../lib/gcc/arm-none-eabi/6.3.1/../../../../arm-none-eabi/lib/thumb/v6-m/libcr_c.a(printf.o)
                0x0000000000006b00                _printf
 .text.setvbuf  0x0000000000006b50       0x48 /Applications/MCUXpressoIDE_10.1.1_606/ide/tools/bin/../lib/gcc/arm-none-eabi/6.3.1/../../../../arm-none-eabi/lib/thumb/v6-m/libcr_c.a(setvbuf.o)
                0x0000000000006b50                setvbuf
 .text.strlen   0x0000000000006b98       0x58 /Applications/MCUXpressoIDE_10.1.1_606/ide/tools/bin/../lib/gcc/arm-none-eabi/6.3.1/../../../../arm-none-eabi/lib/thumb/v6-m/libcr_c.a(strlen.o)
                0x0000000000006b98                strlen
 .text._sbrk    0x0000000000006bf0       0x40 /Applications/MCUXpressoIDE_10.1.1_606/ide/tools/bin/../lib/gcc/arm-none-eabi/6.3.1/../../../../arm-none-eabi/lib/thumb/v6-m/libcr_c.a(_cr_sbrk.o)
                0x0000000000006bf0                _sbrk
 .text._fdopen  0x0000000000006c30       0x74 /Applications/MCUXpressoIDE_10.1.1_606/ide/tools/bin/../lib/gcc/arm-none-eabi/6.3.1/../../../../arm-none-eabi/lib/thumb/v6-m/libcr_c.a(_fdopen.o)
                0x0000000000006c30                _fdopen
 .text.fclose   0x0000000000006ca4       0x5c /Applications/MCUXpressoIDE_10.1.1_606/ide/tools/bin/../lib/gcc/arm-none-eabi/6.3.1/../../../../arm-none-eabi/lib/thumb/v6-m/libcr_c.a(fclose.o)
                0x0000000000006ca4                fclose
 .text.fflush   0x0000000000006d00       0x44 /Applications/MCUXpressoIDE_10.1.1_606/ide/tools/bin/../lib/gcc/arm-none-eabi/6.3.1/../../../../arm-none-eabi/lib/thumb/v6-m/libcr_c.a(fflush.o)
                0x0000000000006d00                fflush
 .text.remove   0x0000000000006d44       0x12 /Applications/MCUXpressoIDE_10.1.1_606/ide/tools/bin/../lib/gcc/arm-none-eabi/6.3.1/../../../../arm-none-eabi/lib/thumb/v6-m/libcr_c.a(remove.o)
                0x0000000000006d44                remove
 *fill*         0x0000000000006d56        0x2 ff
 .text.__check_heap_overflow
                0x0000000000006d58       0x18 /Applications/MCUXpressoIDE_10.1.1_606/ide/tools/bin/../lib/gcc/arm-none-eabi/6.3.1/../../../../arm-none-eabi/lib/thumb/v6-m/libcr_c.a(_cr_check_heap.o)
                0x0000000000006d58                __check_heap_overflow
 .text._do_fflush
                0x0000000000006d70       0x44 /Applications/MCUXpressoIDE_10.1.1_606/ide/tools/bin/../lib/gcc/arm-none-eabi/6.3.1/../../../../arm-none-eabi/lib/thumb/v6-m/libcr_c.a(_do_fflush.o)
                0x0000000000006d70                _do_fflush
 .text.__aeabi_division_idivmod
                0x0000000000006db4       0x78 /Applications/MCUXpressoIDE_10.1.1_606/ide/tools/bin/../lib/gcc/arm-none-eabi/6.3.1/thumb/v6-m/libcr_eabihelpers.a(division_32.o)
                0x0000000000006db4                __aeabi_idiv
                0x0000000000006db4                __aeabi_idivmod
                0x0000000000006dba                __aeabi_uidiv
                0x0000000000006dba                __aeabi_uidivmod
 .text.__aeabi_division_idiv0
                0x0000000000006e2c        0x2 /Applications/MCUXpressoIDE_10.1.1_606/ide/tools/bin/../lib/gcc/arm-none-eabi/6.3.1/thumb/v6-m/libcr_eabihelpers.a(division_idiv0.o)
                0x0000000000006e2c                __aeabi_idiv0
 .text.__aeabi_llong_lmul
                0x0000000000006e2e       0x2e /Applications/MCUXpressoIDE_10.1.1_606/ide/tools/bin/../lib/gcc/arm-none-eabi/6.3.1/thumb/v6-m/libcr_eabihelpers.a(llong.o)
                0x0000000000006e2e                __aeabi_lmul
 .text.__aeabi_memcpy
                0x0000000000006e5c       0x2c /Applications/MCUXpressoIDE_10.1.1_606/ide/tools/bin/../lib/gcc/arm-none-eabi/6.3.1/thumb/v6-m/libcr_eabihelpers.a(memcpy.o)
                0x0000000000006e5c                __aeabi_memcpy
                0x0000000000006e5c                __aeabi_memcpy4
                0x0000000000006e5c                __aeabi_memcpy8
 .text.__aeabi_memset_lowlevel
                0x0000000000006e88       0x2a /Applications/MCUXpressoIDE_10.1.1_606/ide/tools/bin/../lib/gcc/arm-none-eabi/6.3.1/thumb/v6-m/libcr_eabihelpers.a(memcpy.o)
                0x0000000000006e88                __aeabi_lowlevel_memset
 .text.__sys_close
                0x0000000000006eb2        0xc /Applications/MCUXpressoIDE_10.1.1_606/ide/tools/bin/../lib/gcc/arm-none-eabi/6.3.1/../../../../arm-none-eabi/lib/thumb/v6-m/libcr_semihost_nf.a(__sys_close.o)
                0x0000000000006eb2                __sys_close
 .text.__sys_flen
                0x0000000000006ebe        0xc /Applications/MCUXpressoIDE_10.1.1_606/ide/tools/bin/../lib/gcc/arm-none-eabi/6.3.1/../../../../arm-none-eabi/lib/thumb/v6-m/libcr_semihost_nf.a(__sys_flen.o)
                0x0000000000006ebe                __sys_flen
 .text.__sys_istty
                0x0000000000006eca        0xc /Applications/MCUXpressoIDE_10.1.1_606/ide/tools/bin/../lib/gcc/arm-none-eabi/6.3.1/../../../../arm-none-eabi/lib/thumb/v6-m/libcr_semihost_nf.a(__sys_istty.o)
                0x0000000000006eca                __sys_istty
 .text.__sys_remove
                0x0000000000006ed6        0xc /Applications/MCUXpressoIDE_10.1.1_606/ide/tools/bin/../lib/gcc/arm-none-eabi/6.3.1/../../../../arm-none-eabi/lib/thumb/v6-m/libcr_semihost_nf.a(__sys_remove.o)
                0x0000000000006ed6                __sys_remove
 .text.__sys_seek
                0x0000000000006ee2        0xc /Applications/MCUXpressoIDE_10.1.1_606/ide/tools/bin/../lib/gcc/arm-none-eabi/6.3.1/../../../../arm-none-eabi/lib/thumb/v6-m/libcr_semihost_nf.a(__sys_seek.o)
                0x0000000000006ee2                __sys_seek
 .text.__sys_tmpnam
                0x0000000000006eee        0xc /Applications/MCUXpressoIDE_10.1.1_606/ide/tools/bin/../lib/gcc/arm-none-eabi/6.3.1/../../../../arm-none-eabi/lib/thumb/v6-m/libcr_semihost_nf.a(__sys_tmpnam.o)
                0x0000000000006eee                __sys_tmpnam
 .text.__sys_write
                0x0000000000006efa        0xc /Applications/MCUXpressoIDE_10.1.1_606/ide/tools/bin/../lib/gcc/arm-none-eabi/6.3.1/../../../../arm-none-eabi/lib/thumb/v6-m/libcr_semihost_nf.a(__sys_write.o)
                0x0000000000006efa                __sys_write
 *(.rodata .rodata.* .constdata .constdata.*)
 *fill*         0x0000000000006f06        0x2 ff
 .rodata        0x0000000000006f08       0x50 ./utilities/fsl_debug_console.o
 .rodata        0x0000000000006f58       0x27 ./utilities/fsl_io.o
 *fill*         0x0000000000006f7f        0x1 ff
 .rodata        0x0000000000006f80       0x80 ./utilities/fsl_log.o
 .rodata        0x0000000000007000      0x217 ./source/drum-synth.o
 *fill*         0x0000000000007217        0x1 ff
 .rodata        0x0000000000007218      0x108 ./drivers/fsl_clock.o
 .rodata        0x0000000000007320      0x15a ./drivers/fsl_dac.o
 *fill*         0x000000000000747a        0x2 ff
 .rodata        0x000000000000747c       0x78 ./drivers/fsl_flash.o
                0x000000000000747c                kFCCOBx
                0x0000000000007480                kFPROTL
                0x00000000000074ac                kPFlashDensities
 .rodata        0x00000000000074f4      0x4ee ./drivers/fsl_lpuart.o
 *fill*         0x00000000000079e2        0x2 ff
 .rodata        0x00000000000079e4        0x2 ./drivers/fsl_smc.o
 *fill*         0x00000000000079e6        0x2 ff
 .rodata        0x00000000000079e8      0x477 ./drivers/fsl_uart.o
 *fill*         0x0000000000007e5f        0x1 ff
 .rodata        0x0000000000007e60       0x30 ./board/clock_config.o
                0x0000000000007e60                mcgliteConfig_BOARD_BootClockRUN
                0x0000000000007e68                simConfig_BOARD_BootClockRUN
                0x0000000000007e70                oscConfig_BOARD_BootClockRUN
                0x0000000000007e78                mcgliteConfig_BOARD_BootClockVLPR
                0x0000000000007e80                simConfig_BOARD_BootClockVLPR
                0x0000000000007e88                oscConfig_BOARD_BootClockVLPR
 .rodata.__assertion_failed.str1.1
                0x0000000000007e90       0x15 /Applications/MCUXpressoIDE_10.1.1_606/ide/tools/bin/../lib/gcc/arm-none-eabi/6.3.1/../../../../arm-none-eabi/lib/thumb/v6-m/libcr_semihost_nf.a(_cr_assert.o)
 *fill*         0x0000000000007ea5        0x3 ff
 .rodata.__num_Ciob_streams
                0x0000000000007ea8        0x4 /Applications/MCUXpressoIDE_10.1.1_606/ide/tools/bin/../lib/gcc/arm-none-eabi/6.3.1/../../../../arm-none-eabi/lib/thumb/v6-m/libcr_semihost_nf.a(__ciob.o)
                0x0000000000007ea8                __num_Ciob_streams
 .rodata._Csys_alloc.str1.1
                0x0000000000007eac       0x18 /Applications/MCUXpressoIDE_10.1.1_606/ide/tools/bin/../lib/gcc/arm-none-eabi/6.3.1/../../../../arm-none-eabi/lib/thumb/v6-m/libcr_c.a(alloc.o)
 .rodata._initio.str1.1
                0x0000000000007ec4        0x4 /Applications/MCUXpressoIDE_10.1.1_606/ide/tools/bin/../lib/gcc/arm-none-eabi/6.3.1/../../../../arm-none-eabi/lib/thumb/v6-m/libcr_c.a(initio.o)
 .rodata.__vfprintf.str1.1
                0x0000000000007ec8       0x35 /Applications/MCUXpressoIDE_10.1.1_606/ide/tools/bin/../lib/gcc/arm-none-eabi/6.3.1/../../../../arm-none-eabi/lib/thumb/v6-m/libcr_c.a(printf.o)
                                         0x38 (size before relaxing)
                0x0000000000007f00                . = ALIGN (0x4)
 *fill*         0x0000000000007efd        0x3 ff

.glue_7         0x0000000000007f00        0x0
 .glue_7        0x0000000000007f00        0x0 linker stubs

.glue_7t        0x0000000000007f00        0x0
 .glue_7t       0x0000000000007f00        0x0 linker stubs

.vfp11_veneer   0x0000000000007f00        0x0
 .vfp11_veneer  0x0000000000007f00        0x0 linker stubs

.v4_bx          0x0000000000007f00        0x0
 .v4_bx         0x0000000000007f00        0x0 linker stubs

.iplt           0x0000000000007f00        0x0
 .iplt          0x0000000000007f00        0x0 ./utilities/fsl_debug_console.o

.rel.dyn        0x0000000000007f00        0x0
 .rel.iplt      0x0000000000007f00        0x0 ./utilities/fsl_debug_console.o

.ARM.extab
 *(.ARM.extab* .gnu.linkonce.armextab.*)
                0x0000000000007f00                __exidx_start = .

.ARM.exidx
 *(.ARM.exidx* .gnu.linkonce.armexidx.*)
                0x0000000000007f00                __exidx_end = .
                0x0000000000007f00                _etext = .

.m_usb_data
 *(m_usb_bdt)

.mtb_buffer_default
                0x000000001fffe000       0x80
 *(.mtb*)
 .mtb.$RAM1     0x000000001fffe000       0x80 ./source/mtb.o
                0x000000001fffe000                __mtb_buffer__

.uninit_RESERVED
                0x000000001fffe080        0x0
 *(.bss.$RESERVED*)
                0x000000001fffe080                . = ALIGN (0x4)
                0x000000001fffe080                _end_uninit_RESERVED = .

.data           0x000000001fffe080        0x4 load address 0x0000000000007f00
 FILL mask 0xff
                0x000000001fffe080                _data = .
 *(vtable)
 *(.ramfunc*)
 *(.data*)
 .data          0x000000001fffe080        0x4 ./CMSIS/system_MKL43Z4.o
                0x000000001fffe080                SystemCoreClock
                0x000000001fffe084                . = ALIGN (0x4)
                0x000000001fffe084                _edata = .

.igot.plt       0x000000001fffe084        0x0 load address 0x0000000000007f04
 .igot.plt      0x000000001fffe084        0x0 ./utilities/fsl_debug_console.o

.bss            0x000000001fffe084      0x188 load address 0x0000000000007f04
                0x000000001fffe084                _bss = .
 *(.bss*)
 .bss           0x000000001fffe084        0x8 ./utilities/fsl_io.o
 .bss           0x000000001fffe08c        0x4 ./source/drum-synth.o
                0x000000001fffe08c                sampleIndex
 .bss           0x000000001fffe090        0x8 ./drivers/fsl_clock.o
                0x000000001fffe090                g_xtal0Freq
                0x000000001fffe094                g_xtal32Freq
 .bss           0x000000001fffe098       0x94 ./drivers/fsl_flash.o
 .bss           0x000000001fffe12c        0xc ./drivers/fsl_lpuart.o
 .bss           0x000000001fffe138        0x4 ./drivers/fsl_smc.o
 .bss           0x000000001fffe13c       0x10 ./drivers/fsl_uart.o
 .bss.__Ciob    0x000000001fffe14c       0xb4 /Applications/MCUXpressoIDE_10.1.1_606/ide/tools/bin/../lib/gcc/arm-none-eabi/6.3.1/../../../../arm-none-eabi/lib/thumb/v6-m/libcr_semihost_nf.a(__ciob.o)
                0x000000001fffe14c                __Ciob
 .bss.__end_of_heap
                0x000000001fffe200        0x4 /Applications/MCUXpressoIDE_10.1.1_606/ide/tools/bin/../lib/gcc/arm-none-eabi/6.3.1/../../../../arm-none-eabi/lib/thumb/v6-m/libcr_c.a(__init_alloc.o)
                0x000000001fffe200                __end_of_heap
 .bss.__heaps   0x000000001fffe204        0x4 /Applications/MCUXpressoIDE_10.1.1_606/ide/tools/bin/../lib/gcc/arm-none-eabi/6.3.1/../../../../arm-none-eabi/lib/thumb/v6-m/libcr_c.a(__init_alloc.o)
                0x000000001fffe204                __heaps
 .bss.errno     0x000000001fffe208        0x4 /Applications/MCUXpressoIDE_10.1.1_606/ide/tools/bin/../lib/gcc/arm-none-eabi/6.3.1/../../../../arm-none-eabi/lib/thumb/v6-m/libcr_c.a(errno.o)
                0x000000001fffe208                errno
 *(COMMON)
                0x000000001fffe20c                . = ALIGN (0x4)
                0x000000001fffe20c                _ebss = .
                [!provide]                        PROVIDE (end, .)

.noinit         0x000000001fffe20c        0x0 load address 0x0000000000007f04
                0x000000001fffe20c                _noinit = .
 *(.noinit*)
                0x000000001fffe20c                . = ALIGN (0x4)
                0x000000001fffe20c                _end_noinit = .
                0x0000000000000800                _HeapSize = 0x800

.heap           0x000000001fffe20c      0x800 load address 0x0000000000007f04
                0x000000001fffe20c                _pvHeapStart = .
                0x000000001fffea0c                . = (. + _HeapSize)
 *fill*         0x000000001fffe20c      0x800 
                0x000000001fffea0c                . = ALIGN (0x4)
                0x000000001fffea0c                _pvHeapLimit = .
                0x0000000000000800                _StackSize = 0x800

.heap2stackfill
                0x000000001fffea0c      0x800 load address 0x0000000000007f04
                0x000000001ffff20c                . = (. + _StackSize)
 *fill*         0x000000001fffea0c      0x800 

.stack          0x0000000020005800        0x0
                0x0000000020005800                _vStackBase = .
                0x0000000020005800                . = ALIGN (0x4)
                0x0000000020006000                _vStackTop = (. + _StackSize)
                0x0000000000000000                _image_start = LOADADDR (.text)
                0x0000000000007f04                _image_end = (LOADADDR (.data) + SIZEOF (.data))
                0x0000000000007f04                _image_size = (_image_end - _image_start)
OUTPUT(drum-synth.axf elf32-littlearm)

.debug_info     0x0000000000000000     0xa4dd
 .debug_info    0x0000000000000000      0x2b9 ./utilities/fsl_debug_console.o
 .debug_info    0x00000000000002b9      0xa63 ./utilities/fsl_io.o
 .debug_info    0x0000000000000d1c      0x32f ./utilities/fsl_log.o
 .debug_info    0x000000000000104b      0x4a2 ./startup/startup_mkl43z4.o
 .debug_info    0x00000000000014ed      0xe1e ./source/drum-synth.o
 .debug_info    0x000000000000230b       0x51 ./source/mtb.o
 .debug_info    0x000000000000235c       0x3b ./source/semihost_hardfault.o
 .debug_info    0x0000000000002397     0x1176 ./drivers/fsl_clock.o
 .debug_info    0x000000000000350d      0x8ca ./drivers/fsl_dac.o
 .debug_info    0x0000000000003dd7     0x1987 ./drivers/fsl_flash.o
 .debug_info    0x000000000000575e     0x1517 ./drivers/fsl_lpuart.o
 .debug_info    0x0000000000006c75      0x95a ./drivers/fsl_smc.o
 .debug_info    0x00000000000075cf     0x1512 ./drivers/fsl_uart.o
 .debug_info    0x0000000000008ae1      0x738 ./board/board.o
 .debug_info    0x0000000000009219      0x8ad ./board/clock_config.o
 .debug_info    0x0000000000009ac6       0x3b ./board/peripherals.o
 .debug_info    0x0000000000009b01      0x591 ./board/pin_mux.o
 .debug_info    0x000000000000a092      0x44b ./CMSIS/system_MKL43Z4.o

.debug_abbrev   0x0000000000000000     0x1ebe
 .debug_abbrev  0x0000000000000000       0xfe ./utilities/fsl_debug_console.o
 .debug_abbrev  0x00000000000000fe      0x229 ./utilities/fsl_io.o
 .debug_abbrev  0x0000000000000327      0x177 ./utilities/fsl_log.o
 .debug_abbrev  0x000000000000049e      0x16d ./startup/startup_mkl43z4.o
 .debug_abbrev  0x000000000000060b      0x254 ./source/drum-synth.o
 .debug_abbrev  0x000000000000085f       0x41 ./source/mtb.o
 .debug_abbrev  0x00000000000008a0       0x2f ./source/semihost_hardfault.o
 .debug_abbrev  0x00000000000008cf      0x2d2 ./drivers/fsl_clock.o
 .debug_abbrev  0x0000000000000ba1      0x207 ./drivers/fsl_dac.o
 .debug_abbrev  0x0000000000000da8      0x265 ./drivers/fsl_flash.o
 .debug_abbrev  0x000000000000100d      0x2d4 ./drivers/fsl_lpuart.o
 .debug_abbrev  0x00000000000012e1      0x2bd ./drivers/fsl_smc.o
 .debug_abbrev  0x000000000000159e      0x306 ./drivers/fsl_uart.o
 .debug_abbrev  0x00000000000018a4      0x185 ./board/board.o
 .debug_abbrev  0x0000000000001a29      0x195 ./board/clock_config.o
 .debug_abbrev  0x0000000000001bbe       0x2f ./board/peripherals.o
 .debug_abbrev  0x0000000000001bed      0x195 ./board/pin_mux.o
 .debug_abbrev  0x0000000000001d82      0x13c ./CMSIS/system_MKL43Z4.o

.debug_aranges  0x0000000000000000      0x378
 .debug_aranges
                0x0000000000000000       0x20 ./utilities/fsl_debug_console.o
 .debug_aranges
                0x0000000000000020       0x20 ./utilities/fsl_io.o
 .debug_aranges
                0x0000000000000040       0x20 ./utilities/fsl_log.o
 .debug_aranges
                0x0000000000000060      0x160 ./startup/startup_mkl43z4.o
 .debug_aranges
                0x00000000000001c0       0x20 ./source/drum-synth.o
 .debug_aranges
                0x00000000000001e0       0x18 ./source/mtb.o
 .debug_aranges
                0x00000000000001f8       0x20 ./source/semihost_hardfault.o
 .debug_aranges
                0x0000000000000218       0x20 ./drivers/fsl_clock.o
 .debug_aranges
                0x0000000000000238       0x20 ./drivers/fsl_dac.o
 .debug_aranges
                0x0000000000000258       0x20 ./drivers/fsl_flash.o
 .debug_aranges
                0x0000000000000278       0x20 ./drivers/fsl_lpuart.o
 .debug_aranges
                0x0000000000000298       0x20 ./drivers/fsl_smc.o
 .debug_aranges
                0x00000000000002b8       0x20 ./drivers/fsl_uart.o
 .debug_aranges
                0x00000000000002d8       0x20 ./board/board.o
 .debug_aranges
                0x00000000000002f8       0x20 ./board/clock_config.o
 .debug_aranges
                0x0000000000000318       0x20 ./board/peripherals.o
 .debug_aranges
                0x0000000000000338       0x20 ./board/pin_mux.o
 .debug_aranges
                0x0000000000000358       0x20 ./CMSIS/system_MKL43Z4.o

.debug_macro    0x0000000000000000     0xd0ff
 .debug_macro   0x0000000000000000      0x139 ./utilities/fsl_debug_console.o
 .debug_macro   0x0000000000000139      0x8da ./utilities/fsl_debug_console.o
 .debug_macro   0x0000000000000a13       0x10 ./utilities/fsl_debug_console.o
 .debug_macro   0x0000000000000a23       0x16 ./utilities/fsl_debug_console.o
 .debug_macro   0x0000000000000a39       0x10 ./utilities/fsl_debug_console.o
 .debug_macro   0x0000000000000a49      0x12d ./utilities/fsl_debug_console.o
 .debug_macro   0x0000000000000b76       0x28 ./utilities/fsl_debug_console.o
 .debug_macro   0x0000000000000b9e       0x16 ./utilities/fsl_debug_console.o
 .debug_macro   0x0000000000000bb4       0x22 ./utilities/fsl_debug_console.o
 .debug_macro   0x0000000000000bd6      0x5b2 ./utilities/fsl_debug_console.o
 .debug_macro   0x0000000000001188       0x10 ./utilities/fsl_debug_console.o
 .debug_macro   0x0000000000001198       0x3f ./utilities/fsl_debug_console.o
 .debug_macro   0x00000000000011d7       0x1c ./utilities/fsl_debug_console.o
 .debug_macro   0x00000000000011f3       0x22 ./utilities/fsl_debug_console.o
 .debug_macro   0x0000000000001215       0xaf ./utilities/fsl_debug_console.o
 .debug_macro   0x00000000000012c4      0x37c ./utilities/fsl_debug_console.o
 .debug_macro   0x0000000000001640       0x3e ./utilities/fsl_debug_console.o
 .debug_macro   0x000000000000167e     0x8f6f ./utilities/fsl_debug_console.o
 .debug_macro   0x000000000000a5ed     0x142e ./utilities/fsl_debug_console.o
 .debug_macro   0x000000000000ba1b       0x46 ./utilities/fsl_debug_console.o
 .debug_macro   0x000000000000ba61       0xf9 ./utilities/fsl_debug_console.o
 .debug_macro   0x000000000000bb5a       0x5f ./utilities/fsl_debug_console.o
 .debug_macro   0x000000000000bbb9       0xd2 ./utilities/fsl_debug_console.o
 .debug_macro   0x000000000000bc8b       0x1c ./utilities/fsl_debug_console.o
 .debug_macro   0x000000000000bca7       0x43 ./utilities/fsl_debug_console.o
 .debug_macro   0x000000000000bcea      0x110 ./utilities/fsl_io.o
 .debug_macro   0x000000000000bdfa       0x1c ./utilities/fsl_io.o
 .debug_macro   0x000000000000be16       0x10 ./utilities/fsl_io.o
 .debug_macro   0x000000000000be26       0x10 ./utilities/fsl_io.o
 .debug_macro   0x000000000000be36      0x134 ./utilities/fsl_log.o
 .debug_macro   0x000000000000bf6a       0x29 ./startup/startup_mkl43z4.o
 .debug_macro   0x000000000000bf93      0x158 ./source/drum-synth.o
 .debug_macro   0x000000000000c0eb       0xd8 ./source/drum-synth.o
 .debug_macro   0x000000000000c1c3       0x10 ./source/drum-synth.o
 .debug_macro   0x000000000000c1d3       0x10 ./source/drum-synth.o
 .debug_macro   0x000000000000c1e3      0x140 ./source/drum-synth.o
 .debug_macro   0x000000000000c323       0x16 ./source/drum-synth.o
 .debug_macro   0x000000000000c339       0x10 ./source/drum-synth.o
 .debug_macro   0x000000000000c349       0x10 ./source/drum-synth.o
 .debug_macro   0x000000000000c359       0x2f ./source/mtb.o
 .debug_macro   0x000000000000c388       0x82 ./source/mtb.o
 .debug_macro   0x000000000000c40a       0x10 ./source/mtb.o
 .debug_macro   0x000000000000c41a       0x11 ./source/semihost_hardfault.o
 .debug_macro   0x000000000000c42b      0x11b ./drivers/fsl_clock.o
 .debug_macro   0x000000000000c546       0xef ./drivers/fsl_dac.o
 .debug_macro   0x000000000000c635      0x36d ./drivers/fsl_flash.o
 .debug_macro   0x000000000000c9a2       0x43 ./drivers/fsl_flash.o
 .debug_macro   0x000000000000c9e5       0xef ./drivers/fsl_lpuart.o
 .debug_macro   0x000000000000cad4       0xf8 ./drivers/fsl_smc.o
 .debug_macro   0x000000000000cbcc       0x49 ./drivers/fsl_smc.o
 .debug_macro   0x000000000000cc15       0xf5 ./drivers/fsl_uart.o
 .debug_macro   0x000000000000cd0a      0x12e ./board/board.o
 .debug_macro   0x000000000000ce38      0x114 ./board/clock_config.o
 .debug_macro   0x000000000000cf4c       0x1b ./board/peripherals.o
 .debug_macro   0x000000000000cf67       0xf1 ./board/pin_mux.o
 .debug_macro   0x000000000000d058       0x10 ./board/pin_mux.o
 .debug_macro   0x000000000000d068       0x97 ./CMSIS/system_MKL43Z4.o

.debug_line     0x0000000000000000     0x3179
 .debug_line    0x0000000000000000      0x2cb ./utilities/fsl_debug_console.o
 .debug_line    0x00000000000002cb      0x31a ./utilities/fsl_io.o
 .debug_line    0x00000000000005e5      0x2e0 ./utilities/fsl_log.o
 .debug_line    0x00000000000008c5      0x128 ./startup/startup_mkl43z4.o
 .debug_line    0x00000000000009ed      0x32c ./source/drum-synth.o
 .debug_line    0x0000000000000d19       0x9c ./source/mtb.o
 .debug_line    0x0000000000000db5       0x54 ./source/semihost_hardfault.o
 .debug_line    0x0000000000000e09      0x344 ./drivers/fsl_clock.o
 .debug_line    0x000000000000114d      0x2bc ./drivers/fsl_dac.o
 .debug_line    0x0000000000001409      0x548 ./drivers/fsl_flash.o
 .debug_line    0x0000000000001951      0x576 ./drivers/fsl_lpuart.o
 .debug_line    0x0000000000001ec7      0x37a ./drivers/fsl_smc.o
 .debug_line    0x0000000000002241      0x55c ./drivers/fsl_uart.o
 .debug_line    0x000000000000279d      0x2c1 ./board/board.o
 .debug_line    0x0000000000002a5e      0x292 ./board/clock_config.o
 .debug_line    0x0000000000002cf0       0x58 ./board/peripherals.o
 .debug_line    0x0000000000002d48      0x279 ./board/pin_mux.o
 .debug_line    0x0000000000002fc1      0x1b8 ./CMSIS/system_MKL43Z4.o

.debug_str      0x0000000000000000    0x55d8d
 .debug_str     0x0000000000000000    0x4ea5f ./utilities/fsl_debug_console.o
                                      0x4ec75 (size before relaxing)
 .debug_str     0x000000000004ea5f      0xcbf ./utilities/fsl_io.o
                                      0x4f53a (size before relaxing)
 .debug_str     0x000000000004f71e      0x1d8 ./utilities/fsl_log.o
                                      0x4e97e (size before relaxing)
 .debug_str     0x000000000004f8f6      0x3f0 ./startup/startup_mkl43z4.o
                                       0x296c (size before relaxing)
 .debug_str     0x000000000004fce6     0x11af ./source/drum-synth.o
                                      0x50060 (size before relaxing)
 .debug_str     0x0000000000050e95      0x532 ./source/mtb.o
                                       0x2a5e (size before relaxing)
 .debug_str     0x00000000000513c7       0x1f ./source/semihost_hardfault.o
                                       0x254f (size before relaxing)
 .debug_str     0x00000000000513e6      0xa61 ./drivers/fsl_clock.o
                                      0x4f9a2 (size before relaxing)
 .debug_str     0x0000000000051e47      0x343 ./drivers/fsl_dac.o
                                      0x4f036 (size before relaxing)
 .debug_str     0x000000000005218a     0x266a ./drivers/fsl_flash.o
                                      0x512ce (size before relaxing)
 .debug_str     0x00000000000547f4      0x8b3 ./drivers/fsl_lpuart.o
                                      0x4fd03 (size before relaxing)
 .debug_str     0x00000000000550a7      0x3ad ./drivers/fsl_smc.o
                                      0x4f218 (size before relaxing)
 .debug_str     0x0000000000055454      0x457 ./drivers/fsl_uart.o
                                      0x4faec (size before relaxing)
 .debug_str     0x00000000000558ab       0x4d ./board/board.o
                                      0x4f84b (size before relaxing)
 .debug_str     0x00000000000558f8      0x26d ./board/clock_config.o
                                      0x4f257 (size before relaxing)
 .debug_str     0x0000000000055b65       0x31 ./board/peripherals.o
                                       0x2560 (size before relaxing)
 .debug_str     0x0000000000055b96      0x18b ./board/pin_mux.o
                                      0x4e9e8 (size before relaxing)
 .debug_str     0x0000000000055d21       0x6c ./CMSIS/system_MKL43Z4.o
                                      0x4da8b (size before relaxing)

.comment        0x0000000000000000       0x7f
 .comment       0x0000000000000000       0x7f ./utilities/fsl_debug_console.o
                                         0x80 (size before relaxing)
 .comment       0x000000000000007f       0x80 ./utilities/fsl_io.o
 .comment       0x000000000000007f       0x80 ./utilities/fsl_log.o
 .comment       0x000000000000007f       0x80 ./startup/startup_mkl43z4.o
 .comment       0x000000000000007f       0x80 ./source/drum-synth.o
 .comment       0x000000000000007f       0x80 ./source/mtb.o
 .comment       0x000000000000007f       0x80 ./source/semihost_hardfault.o
 .comment       0x000000000000007f       0x80 ./drivers/fsl_clock.o
 .comment       0x000000000000007f       0x80 ./drivers/fsl_dac.o
 .comment       0x000000000000007f       0x80 ./drivers/fsl_flash.o
 .comment       0x000000000000007f       0x80 ./drivers/fsl_lpuart.o
 .comment       0x000000000000007f       0x80 ./drivers/fsl_smc.o
 .comment       0x000000000000007f       0x80 ./drivers/fsl_uart.o
 .comment       0x000000000000007f       0x80 ./board/board.o
 .comment       0x000000000000007f       0x80 ./board/clock_config.o
 .comment       0x000000000000007f       0x80 ./board/peripherals.o
 .comment       0x000000000000007f       0x80 ./board/pin_mux.o
 .comment       0x000000000000007f       0x80 ./CMSIS/system_MKL43Z4.o
 .comment       0x000000000000007f       0x80 /Applications/MCUXpressoIDE_10.1.1_606/ide/tools/bin/../lib/gcc/arm-none-eabi/6.3.1/../../../../arm-none-eabi/lib/thumb/v6-m/libcr_semihost_nf.a(_cr__main.o)
 .comment       0x000000000000007f       0x80 /Applications/MCUXpressoIDE_10.1.1_606/ide/tools/bin/../lib/gcc/arm-none-eabi/6.3.1/../../../../arm-none-eabi/lib/thumb/v6-m/libcr_semihost_nf.a(_cr_assert.o)
 .comment       0x000000000000007f       0x80 /Applications/MCUXpressoIDE_10.1.1_606/ide/tools/bin/../lib/gcc/arm-none-eabi/6.3.1/../../../../arm-none-eabi/lib/thumb/v6-m/libcr_semihost_nf.a(__ciob.o)
 .comment       0x000000000000007f       0x80 /Applications/MCUXpressoIDE_10.1.1_606/ide/tools/bin/../lib/gcc/arm-none-eabi/6.3.1/../../../../arm-none-eabi/lib/thumb/v6-m/libcr_c.a(memcpy.o)
 .comment       0x000000000000007f       0x80 /Applications/MCUXpressoIDE_10.1.1_606/ide/tools/bin/../lib/gcc/arm-none-eabi/6.3.1/../../../../arm-none-eabi/lib/thumb/v6-m/libcr_c.a(memset.o)
 .comment       0x000000000000007f       0x80 /Applications/MCUXpressoIDE_10.1.1_606/ide/tools/bin/../lib/gcc/arm-none-eabi/6.3.1/../../../../arm-none-eabi/lib/thumb/v6-m/libcr_c.a(_deferredlazyseek.o)
 .comment       0x000000000000007f       0x80 /Applications/MCUXpressoIDE_10.1.1_606/ide/tools/bin/../lib/gcc/arm-none-eabi/6.3.1/../../../../arm-none-eabi/lib/thumb/v6-m/libcr_c.a(_fflush.o)
 .comment       0x000000000000007f       0x80 /Applications/MCUXpressoIDE_10.1.1_606/ide/tools/bin/../lib/gcc/arm-none-eabi/6.3.1/../../../../arm-none-eabi/lib/thumb/v6-m/libcr_c.a(_writebuf.o)
 .comment       0x000000000000007f       0x80 /Applications/MCUXpressoIDE_10.1.1_606/ide/tools/bin/../lib/gcc/arm-none-eabi/6.3.1/../../../../arm-none-eabi/lib/thumb/v6-m/libcr_c.a(alloc.o)
 .comment       0x000000000000007f       0x80 /Applications/MCUXpressoIDE_10.1.1_606/ide/tools/bin/../lib/gcc/arm-none-eabi/6.3.1/../../../../arm-none-eabi/lib/thumb/v6-m/libcr_c.a(fputs.o)
 .comment       0x000000000000007f       0x80 /Applications/MCUXpressoIDE_10.1.1_606/ide/tools/bin/../lib/gcc/arm-none-eabi/6.3.1/../../../../arm-none-eabi/lib/thumb/v6-m/libcr_c.a(fseek.o)
 .comment       0x000000000000007f       0x80 /Applications/MCUXpressoIDE_10.1.1_606/ide/tools/bin/../lib/gcc/arm-none-eabi/6.3.1/../../../../arm-none-eabi/lib/thumb/v6-m/libcr_c.a(ftell.o)
 .comment       0x000000000000007f       0x80 /Applications/MCUXpressoIDE_10.1.1_606/ide/tools/bin/../lib/gcc/arm-none-eabi/6.3.1/../../../../arm-none-eabi/lib/thumb/v6-m/libcr_c.a(initio.o)
 .comment       0x000000000000007f       0x80 /Applications/MCUXpressoIDE_10.1.1_606/ide/tools/bin/../lib/gcc/arm-none-eabi/6.3.1/../../../../arm-none-eabi/lib/thumb/v6-m/libcr_c.a(printf.o)
 .comment       0x000000000000007f       0x80 /Applications/MCUXpressoIDE_10.1.1_606/ide/tools/bin/../lib/gcc/arm-none-eabi/6.3.1/../../../../arm-none-eabi/lib/thumb/v6-m/libcr_c.a(setvbuf.o)
 .comment       0x000000000000007f       0x80 /Applications/MCUXpressoIDE_10.1.1_606/ide/tools/bin/../lib/gcc/arm-none-eabi/6.3.1/../../../../arm-none-eabi/lib/thumb/v6-m/libcr_c.a(strlen.o)
 .comment       0x000000000000007f       0x80 /Applications/MCUXpressoIDE_10.1.1_606/ide/tools/bin/../lib/gcc/arm-none-eabi/6.3.1/../../../../arm-none-eabi/lib/thumb/v6-m/libcr_c.a(__init_alloc.o)
 .comment       0x000000000000007f       0x80 /Applications/MCUXpressoIDE_10.1.1_606/ide/tools/bin/../lib/gcc/arm-none-eabi/6.3.1/../../../../arm-none-eabi/lib/thumb/v6-m/libcr_c.a(_cr_sbrk.o)
 .comment       0x000000000000007f       0x80 /Applications/MCUXpressoIDE_10.1.1_606/ide/tools/bin/../lib/gcc/arm-none-eabi/6.3.1/../../../../arm-none-eabi/lib/thumb/v6-m/libcr_c.a(_fdopen.o)
 .comment       0x000000000000007f       0x80 /Applications/MCUXpressoIDE_10.1.1_606/ide/tools/bin/../lib/gcc/arm-none-eabi/6.3.1/../../../../arm-none-eabi/lib/thumb/v6-m/libcr_c.a(errno.o)
 .comment       0x000000000000007f       0x80 /Applications/MCUXpressoIDE_10.1.1_606/ide/tools/bin/../lib/gcc/arm-none-eabi/6.3.1/../../../../arm-none-eabi/lib/thumb/v6-m/libcr_c.a(fclose.o)
 .comment       0x000000000000007f       0x80 /Applications/MCUXpressoIDE_10.1.1_606/ide/tools/bin/../lib/gcc/arm-none-eabi/6.3.1/../../../../arm-none-eabi/lib/thumb/v6-m/libcr_c.a(fflush.o)
 .comment       0x000000000000007f       0x80 /Applications/MCUXpressoIDE_10.1.1_606/ide/tools/bin/../lib/gcc/arm-none-eabi/6.3.1/../../../../arm-none-eabi/lib/thumb/v6-m/libcr_c.a(remove.o)
 .comment       0x000000000000007f       0x80 /Applications/MCUXpressoIDE_10.1.1_606/ide/tools/bin/../lib/gcc/arm-none-eabi/6.3.1/../../../../arm-none-eabi/lib/thumb/v6-m/libcr_c.a(_cr_check_heap.o)
 .comment       0x000000000000007f       0x80 /Applications/MCUXpressoIDE_10.1.1_606/ide/tools/bin/../lib/gcc/arm-none-eabi/6.3.1/../../../../arm-none-eabi/lib/thumb/v6-m/libcr_c.a(_do_fflush.o)

.ARM.attributes
                0x0000000000000000       0x30
 .ARM.attributes
                0x0000000000000000       0x32 ./utilities/fsl_debug_console.o
 .ARM.attributes
                0x0000000000000032       0x32 ./utilities/fsl_io.o
 .ARM.attributes
                0x0000000000000064       0x32 ./utilities/fsl_log.o
 .ARM.attributes
                0x0000000000000096       0x32 ./startup/startup_mkl43z4.o
 .ARM.attributes
                0x00000000000000c8       0x32 ./source/drum-synth.o
 .ARM.attributes
                0x00000000000000fa       0x32 ./source/mtb.o
 .ARM.attributes
                0x000000000000012c       0x32 ./source/semihost_hardfault.o
 .ARM.attributes
                0x000000000000015e       0x32 ./drivers/fsl_clock.o
 .ARM.attributes
                0x0000000000000190       0x32 ./drivers/fsl_dac.o
 .ARM.attributes
                0x00000000000001c2       0x32 ./drivers/fsl_flash.o
 .ARM.attributes
                0x00000000000001f4       0x32 ./drivers/fsl_lpuart.o
 .ARM.attributes
                0x0000000000000226       0x32 ./drivers/fsl_smc.o
 .ARM.attributes
                0x0000000000000258       0x32 ./drivers/fsl_uart.o
 .ARM.attributes
                0x000000000000028a       0x32 ./board/board.o
 .ARM.attributes
                0x00000000000002bc       0x32 ./board/clock_config.o
 .ARM.attributes
                0x00000000000002ee       0x32 ./board/peripherals.o
 .ARM.attributes
                0x0000000000000320       0x32 ./board/pin_mux.o
 .ARM.attributes
                0x0000000000000352       0x32 ./CMSIS/system_MKL43Z4.o
 .ARM.attributes
                0x0000000000000384       0x31 /Applications/MCUXpressoIDE_10.1.1_606/ide/tools/bin/../lib/gcc/arm-none-eabi/6.3.1/../../../../arm-none-eabi/lib/thumb/v6-m/libcr_semihost_nf.a(_cr__main.o)
 .ARM.attributes
                0x00000000000003b5       0x31 /Applications/MCUXpressoIDE_10.1.1_606/ide/tools/bin/../lib/gcc/arm-none-eabi/6.3.1/../../../../arm-none-eabi/lib/thumb/v6-m/libcr_semihost_nf.a(_cr_assert.o)
 .ARM.attributes
                0x00000000000003e6       0x31 /Applications/MCUXpressoIDE_10.1.1_606/ide/tools/bin/../lib/gcc/arm-none-eabi/6.3.1/../../../../arm-none-eabi/lib/thumb/v6-m/libcr_semihost_nf.a(__ciob.o)
 .ARM.attributes
                0x0000000000000417       0x21 /Applications/MCUXpressoIDE_10.1.1_606/ide/tools/bin/../lib/gcc/arm-none-eabi/6.3.1/../../../../arm-none-eabi/lib/thumb/v6-m/libcr_semihost_nf.a(__sys_appexit.o)
 .ARM.attributes
                0x0000000000000438       0x31 /Applications/MCUXpressoIDE_10.1.1_606/ide/tools/bin/../lib/gcc/arm-none-eabi/6.3.1/../../../../arm-none-eabi/lib/thumb/v6-m/libcr_c.a(memcpy.o)
 .ARM.attributes
                0x0000000000000469       0x31 /Applications/MCUXpressoIDE_10.1.1_606/ide/tools/bin/../lib/gcc/arm-none-eabi/6.3.1/../../../../arm-none-eabi/lib/thumb/v6-m/libcr_c.a(memset.o)
 .ARM.attributes
                0x000000000000049a       0x31 /Applications/MCUXpressoIDE_10.1.1_606/ide/tools/bin/../lib/gcc/arm-none-eabi/6.3.1/../../../../arm-none-eabi/lib/thumb/v6-m/libcr_c.a(_deferredlazyseek.o)
 .ARM.attributes
                0x00000000000004cb       0x31 /Applications/MCUXpressoIDE_10.1.1_606/ide/tools/bin/../lib/gcc/arm-none-eabi/6.3.1/../../../../arm-none-eabi/lib/thumb/v6-m/libcr_c.a(_fflush.o)
 .ARM.attributes
                0x00000000000004fc       0x31 /Applications/MCUXpressoIDE_10.1.1_606/ide/tools/bin/../lib/gcc/arm-none-eabi/6.3.1/../../../../arm-none-eabi/lib/thumb/v6-m/libcr_c.a(_writebuf.o)
 .ARM.attributes
                0x000000000000052d       0x31 /Applications/MCUXpressoIDE_10.1.1_606/ide/tools/bin/../lib/gcc/arm-none-eabi/6.3.1/../../../../arm-none-eabi/lib/thumb/v6-m/libcr_c.a(alloc.o)
 .ARM.attributes
                0x000000000000055e       0x31 /Applications/MCUXpressoIDE_10.1.1_606/ide/tools/bin/../lib/gcc/arm-none-eabi/6.3.1/../../../../arm-none-eabi/lib/thumb/v6-m/libcr_c.a(fputs.o)
 .ARM.attributes
                0x000000000000058f       0x31 /Applications/MCUXpressoIDE_10.1.1_606/ide/tools/bin/../lib/gcc/arm-none-eabi/6.3.1/../../../../arm-none-eabi/lib/thumb/v6-m/libcr_c.a(fseek.o)
 .ARM.attributes
                0x00000000000005c0       0x31 /Applications/MCUXpressoIDE_10.1.1_606/ide/tools/bin/../lib/gcc/arm-none-eabi/6.3.1/../../../../arm-none-eabi/lib/thumb/v6-m/libcr_c.a(ftell.o)
 .ARM.attributes
                0x00000000000005f1       0x31 /Applications/MCUXpressoIDE_10.1.1_606/ide/tools/bin/../lib/gcc/arm-none-eabi/6.3.1/../../../../arm-none-eabi/lib/thumb/v6-m/libcr_c.a(initio.o)
 .ARM.attributes
                0x0000000000000622       0x31 /Applications/MCUXpressoIDE_10.1.1_606/ide/tools/bin/../lib/gcc/arm-none-eabi/6.3.1/../../../../arm-none-eabi/lib/thumb/v6-m/libcr_c.a(printf.o)
 .ARM.attributes
                0x0000000000000653       0x31 /Applications/MCUXpressoIDE_10.1.1_606/ide/tools/bin/../lib/gcc/arm-none-eabi/6.3.1/../../../../arm-none-eabi/lib/thumb/v6-m/libcr_c.a(setvbuf.o)
 .ARM.attributes
                0x0000000000000684       0x31 /Applications/MCUXpressoIDE_10.1.1_606/ide/tools/bin/../lib/gcc/arm-none-eabi/6.3.1/../../../../arm-none-eabi/lib/thumb/v6-m/libcr_c.a(strlen.o)
 .ARM.attributes
                0x00000000000006b5       0x31 /Applications/MCUXpressoIDE_10.1.1_606/ide/tools/bin/../lib/gcc/arm-none-eabi/6.3.1/../../../../arm-none-eabi/lib/thumb/v6-m/libcr_c.a(__init_alloc.o)
 .ARM.attributes
                0x00000000000006e6       0x31 /Applications/MCUXpressoIDE_10.1.1_606/ide/tools/bin/../lib/gcc/arm-none-eabi/6.3.1/../../../../arm-none-eabi/lib/thumb/v6-m/libcr_c.a(_cr_sbrk.o)
 .ARM.attributes
                0x0000000000000717       0x31 /Applications/MCUXpressoIDE_10.1.1_606/ide/tools/bin/../lib/gcc/arm-none-eabi/6.3.1/../../../../arm-none-eabi/lib/thumb/v6-m/libcr_c.a(_fdopen.o)
 .ARM.attributes
                0x0000000000000748       0x31 /Applications/MCUXpressoIDE_10.1.1_606/ide/tools/bin/../lib/gcc/arm-none-eabi/6.3.1/../../../../arm-none-eabi/lib/thumb/v6-m/libcr_c.a(errno.o)
 .ARM.attributes
                0x0000000000000779       0x31 /Applications/MCUXpressoIDE_10.1.1_606/ide/tools/bin/../lib/gcc/arm-none-eabi/6.3.1/../../../../arm-none-eabi/lib/thumb/v6-m/libcr_c.a(fclose.o)
 .ARM.attributes
                0x00000000000007aa       0x31 /Applications/MCUXpressoIDE_10.1.1_606/ide/tools/bin/../lib/gcc/arm-none-eabi/6.3.1/../../../../arm-none-eabi/lib/thumb/v6-m/libcr_c.a(fflush.o)
 .ARM.attributes
                0x00000000000007db       0x31 /Applications/MCUXpressoIDE_10.1.1_606/ide/tools/bin/../lib/gcc/arm-none-eabi/6.3.1/../../../../arm-none-eabi/lib/thumb/v6-m/libcr_c.a(remove.o)
 .ARM.attributes
                0x000000000000080c       0x31 /Applications/MCUXpressoIDE_10.1.1_606/ide/tools/bin/../lib/gcc/arm-none-eabi/6.3.1/../../../../arm-none-eabi/lib/thumb/v6-m/libcr_c.a(_cr_check_heap.o)
 .ARM.attributes
                0x000000000000083d       0x31 /Applications/MCUXpressoIDE_10.1.1_606/ide/tools/bin/../lib/gcc/arm-none-eabi/6.3.1/../../../../arm-none-eabi/lib/thumb/v6-m/libcr_c.a(_do_fflush.o)
 .ARM.attributes
                0x000000000000086e       0x21 /Applications/MCUXpressoIDE_10.1.1_606/ide/tools/bin/../lib/gcc/arm-none-eabi/6.3.1/thumb/v6-m/libcr_eabihelpers.a(division_32.o)
 .ARM.attributes
                0x000000000000088f       0x21 /Applications/MCUXpressoIDE_10.1.1_606/ide/tools/bin/../lib/gcc/arm-none-eabi/6.3.1/thumb/v6-m/libcr_eabihelpers.a(division_idiv0.o)
 .ARM.attributes
                0x00000000000008b0       0x21 /Applications/MCUXpressoIDE_10.1.1_606/ide/tools/bin/../lib/gcc/arm-none-eabi/6.3.1/thumb/v6-m/libcr_eabihelpers.a(llong.o)
 .ARM.attributes
                0x00000000000008d1       0x21 /Applications/MCUXpressoIDE_10.1.1_606/ide/tools/bin/../lib/gcc/arm-none-eabi/6.3.1/thumb/v6-m/libcr_eabihelpers.a(memcpy.o)
 .ARM.attributes
                0x00000000000008f2       0x21 /Applications/MCUXpressoIDE_10.1.1_606/ide/tools/bin/../lib/gcc/arm-none-eabi/6.3.1/../../../../arm-none-eabi/lib/thumb/v6-m/libcr_semihost_nf.a(__sys_close.o)
 .ARM.attributes
                0x0000000000000913       0x21 /Applications/MCUXpressoIDE_10.1.1_606/ide/tools/bin/../lib/gcc/arm-none-eabi/6.3.1/../../../../arm-none-eabi/lib/thumb/v6-m/libcr_semihost_nf.a(__sys_flen.o)
 .ARM.attributes
                0x0000000000000934       0x21 /Applications/MCUXpressoIDE_10.1.1_606/ide/tools/bin/../lib/gcc/arm-none-eabi/6.3.1/../../../../arm-none-eabi/lib/thumb/v6-m/libcr_semihost_nf.a(__sys_istty.o)
 .ARM.attributes
                0x0000000000000955       0x21 /Applications/MCUXpressoIDE_10.1.1_606/ide/tools/bin/../lib/gcc/arm-none-eabi/6.3.1/../../../../arm-none-eabi/lib/thumb/v6-m/libcr_semihost_nf.a(__sys_remove.o)
 .ARM.attributes
                0x0000000000000976       0x21 /Applications/MCUXpressoIDE_10.1.1_606/ide/tools/bin/../lib/gcc/arm-none-eabi/6.3.1/../../../../arm-none-eabi/lib/thumb/v6-m/libcr_semihost_nf.a(__sys_seek.o)
 .ARM.attributes
                0x0000000000000997       0x21 /Applications/MCUXpressoIDE_10.1.1_606/ide/tools/bin/../lib/gcc/arm-none-eabi/6.3.1/../../../../arm-none-eabi/lib/thumb/v6-m/libcr_semihost_nf.a(__sys_tmpnam.o)
 .ARM.attributes
                0x00000000000009b8       0x21 /Applications/MCUXpressoIDE_10.1.1_606/ide/tools/bin/../lib/gcc/arm-none-eabi/6.3.1/../../../../arm-none-eabi/lib/thumb/v6-m/libcr_semihost_nf.a(__sys_write.o)

.debug_frame    0x0000000000000000     0x1cbc
 .debug_frame   0x0000000000000000       0x68 ./utilities/fsl_debug_console.o
 .debug_frame   0x0000000000000068      0x108 ./utilities/fsl_io.o
 .debug_frame   0x0000000000000170      0x108 ./utilities/fsl_log.o
 .debug_frame   0x0000000000000278      0x3b0 ./startup/startup_mkl43z4.o
 .debug_frame   0x0000000000000628       0xf0 ./source/drum-synth.o
 .debug_frame   0x0000000000000718       0x20 ./source/semihost_hardfault.o
 .debug_frame   0x0000000000000738      0x2d8 ./drivers/fsl_clock.o
 .debug_frame   0x0000000000000a10      0x1f0 ./drivers/fsl_dac.o
 .debug_frame   0x0000000000000c00      0x490 ./drivers/fsl_flash.o
 .debug_frame   0x0000000000001090      0x428 ./drivers/fsl_lpuart.o
 .debug_frame   0x00000000000014b8      0x1c8 ./drivers/fsl_smc.o
 .debug_frame   0x0000000000001680      0x42c ./drivers/fsl_uart.o
 .debug_frame   0x0000000000001aac       0x50 ./board/board.o
 .debug_frame   0x0000000000001afc       0xc0 ./board/clock_config.o
 .debug_frame   0x0000000000001bbc       0x2c ./board/peripherals.o
 .debug_frame   0x0000000000001be8       0x88 ./board/pin_mux.o
 .debug_frame   0x0000000000001c70       0x4c ./CMSIS/system_MKL43Z4.o

.debug_ranges   0x0000000000000000      0x150
 .debug_ranges  0x0000000000000000      0x150 ./startup/startup_mkl43z4.o
